Environment variables loaded from .env
Prisma schema loaded from prisma\schema.prisma
Datasource "db": PostgreSQL database "microsaas_gyms", schema "public" at "localhost:5432"

node.exe : Error: Prisma 
Migrate has detected that 
the environment is 
non-interactive, which is 
not supported.
No linha:1 caractere:1
+ & "C:\Program 
Files\nodejs/node.exe" 
"C:\Program 
Files\nodejs/node_mo ...
+ ~~~~~~~~~~~~~~~~~~~~~~~~~
~~~~~~~~~~~~~~~~~~~~~~~~~~~
~~~~~~~~~~~~~~~~~
    + CategoryInfo         
     : NotSpecified: (Err  
  or: Prisma M... not su   
 pported.:String) [], R    
emoteException
    + FullyQualifiedErrorI 
   d : NativeCommandError
 

`prisma migrate dev` is an 
interactive command 
designed to create new 
migrations and evolve the 
database in development.
To apply existing 
migrations in deployments, 
use prisma migrate deploy.
See https://www.prisma.io/d
ocs/reference/api-reference
/command-reference#migrate-
deploy
